// Jest Snapshot v1, https://goo.gl/fbAQLP

exports[`<ModalContainer/> should matches the snapshot 1`] = `null`;
