// Jest Snapshot v1, https://goo.gl/fbAQLP

exports[`sourceCostItemsReducer should matches the add original cost state 1`] = `
Object {
  "costItems": Array [
    Array [
      Object {
        "category": "CLOTHING",
        "comment": "this is a comment",
        "cost": 1000,
      },
      Object {
        "category": "RENT",
        "comment": "this is a comment",
        "cost": 1500,
      },
      Object {
        "category": "FOOD",
        "comment": "this is a comment",
        "cost": 2000,
      },
    ],
  ],
}
`;

exports[`sourceCostItemsReducer should matches the initial state 1`] = `
Object {
  "costItems": Array [],
}
`;
